nohup: ignoring input
=> Booting Puma
=> Rails 8.0.2 application starting in development 
=> Run `bin/rails server --help` for more startup options
Puma starting in single mode...
* Puma version: 6.6.0 ("Return to Forever")
* Ruby version: ruby 3.3.5 (2024-09-03 revision ef084cc8f4) [x86_64-linux]
*  Min threads: 3
*  Max threads: 3
*  Environment: development
*          PID: 46814
* Listening on http://127.0.0.1:3000
* Listening on http://[::1]:3000
Use Ctrl-C to stop
Started GET "/" for 127.0.0.1 at 2025-07-28 14:01:52 +0200
  [1m[36mActiveRecord::SchemaMigration Load (0.7ms)[0m  [1m[34mSELECT "schema_migrations"."version" FROM "schema_migrations" ORDER BY "schema_migrations"."version" ASC /*application='Ren0vate'*/[0m
Processing by PagesController#home as HTML
  Rendering layout layouts/application.html.erb
  Rendering pages/home.html.erb within layouts/application
  Rendered pages/home.html.erb within layouts/application (Duration: 1.7ms | GC: 0.8ms)
  Rendered shared/_navbar.html.erb (Duration: 2.7ms | GC: 1.8ms)
  Rendered shared/_flashes.html.erb (Duration: 0.3ms | GC: 0.0ms)
  Rendered layout layouts/application.html.erb (Duration: 25.8ms | GC: 16.4ms)
Completed 200 OK in 42ms (Views: 30.7ms | ActiveRecord: 0.0ms (0 queries, 0 cached) | GC: 18.3ms)


Started GET "/bruxelles" for 127.0.0.1 at 2025-07-28 14:01:54 +0200
Processing by PagesController#bruxelles as HTML
  Rendering layout layouts/application.html.erb
  Rendering pages/bruxelles.html.erb within layouts/application
  [1m[36mPrime Load (1.1ms)[0m  [1m[34mSELECT "primes".* FROM "primes" WHERE "primes"."region" = 'bruxelles' ORDER BY "primes"."ordre_affichage" ASC /*action='bruxelles',application='Ren0vate',controller='pages'*/[0m
  ↳ app/views/pages/bruxelles.html.erb:9
  Rendered pages/partials_bruxelles/_selection_profil.erb (Duration: 4.0ms | GC: 0.0ms)
  Rendered pages/partials_bruxelles/_cartes_primes.html.erb (Duration: 0.7ms | GC: 0.0ms)
  Rendered pages/partials_bruxelles/_petit_patrimoine.html.erb (Duration: 0.2ms | GC: 0.0ms)
  Rendered pages/partials_bruxelles/_primes_communales_card.html.erb (Duration: 0.1ms | GC: 0.0ms)
  Rendered pages/partials_bruxelles/_monuments_et_sites_card.html.erb (Duration: 0.1ms | GC: 0.0ms)
  Rendered pages/bruxelles.html.erb within layouts/application (Duration: 22.2ms | GC: 0.8ms)
  Rendered shared/_navbar.html.erb (Duration: 0.6ms | GC: 0.0ms)
  Rendered shared/_flashes.html.erb (Duration: 0.0ms | GC: 0.0ms)
  Rendered layout layouts/application.html.erb (Duration: 23.6ms | GC: 0.8ms)
Completed 200 OK in 42ms (Views: 21.2ms | ActiveRecord: 8.5ms (1 query, 0 cached) | GC: 1.5ms)


Started POST "/bruxelles/select-profile" for 127.0.0.1 at 2025-07-28 14:01:56 +0200
Processing by PagesController#select_profile_bruxelles as TURBO_STREAM
  Parameters: {"authenticity_token"=>"[FILTERED]", "profile_type"=>"entreprise"}
  Rendered pages/partials_bruxelles/eligibilite/_entreprise.html.erb (Duration: 10.2ms | GC: 8.7ms)
  Rendered pages/partials_bruxelles/_questionnaire_eligibilite.html.erb (Duration: 11.1ms | GC: 8.7ms)
Completed 200 OK in 13ms (Views: 0.1ms | ActiveRecord: 0.0ms (0 queries, 0 cached) | GC: 8.7ms)


Started POST "/test_eligibility_bruxelles" for 127.0.0.1 at 2025-07-28 14:02:22 +0200
  
ActionController::RoutingError (No route matches [POST] "/test_eligibility_bruxelles"):
  
Started GET "/.well-known/appspecific/com.chrome.devtools.json" for 127.0.0.1 at 2025-07-28 14:02:26 +0200
  
ActionController::RoutingError (No route matches [GET] "/.well-known/appspecific/com.chrome.devtools.json"):
  
Started GET "/bruxelles" for 127.0.0.1 at 2025-07-28 14:06:20 +0200
Processing by PagesController#bruxelles as HTML
  Rendering layout layouts/application.html.erb
  Rendering pages/bruxelles.html.erb within layouts/application
  [1m[36mPrime Load (0.9ms)[0m  [1m[34mSELECT "primes".* FROM "primes" WHERE "primes"."region" = 'bruxelles' ORDER BY "primes"."ordre_affichage" ASC /*action='bruxelles',application='Ren0vate',controller='pages'*/[0m
  ↳ app/views/pages/bruxelles.html.erb:9
  Rendered pages/partials_bruxelles/_selection_profil.erb (Duration: 0.8ms | GC: 0.0ms)
  Rendered pages/partials_bruxelles/_cartes_primes.html.erb (Duration: 0.0ms | GC: 0.0ms)
  Rendered pages/partials_bruxelles/_petit_patrimoine.html.erb (Duration: 0.0ms | GC: 0.0ms)
  Rendered pages/partials_bruxelles/_primes_communales_card.html.erb (Duration: 0.0ms | GC: 0.0ms)
  Rendered pages/partials_bruxelles/_monuments_et_sites_card.html.erb (Duration: 0.0ms | GC: 0.0ms)
  Rendered pages/bruxelles.html.erb within layouts/application (Duration: 12.0ms | GC: 4.3ms)
  Rendered shared/_navbar.html.erb (Duration: 0.2ms | GC: 0.0ms)
  Rendered shared/_flashes.html.erb (Duration: 0.0ms | GC: 0.0ms)
  Rendered layout layouts/application.html.erb (Duration: 16.2ms | GC: 5.4ms)
Completed 200 OK in 17ms (Views: 15.7ms | ActiveRecord: 0.8ms (1 query, 0 cached) | GC: 5.4ms)


Started GET "/.well-known/appspecific/com.chrome.devtools.json" for 127.0.0.1 at 2025-07-28 14:06:20 +0200
  
ActionController::RoutingError (No route matches [GET] "/.well-known/appspecific/com.chrome.devtools.json"):
  
Started POST "/bruxelles/select-profile" for 127.0.0.1 at 2025-07-28 14:06:23 +0200
Processing by PagesController#select_profile_bruxelles as TURBO_STREAM
  Parameters: {"authenticity_token"=>"[FILTERED]", "profile_type"=>"entreprise"}
  Rendered pages/partials_bruxelles/eligibilite/_entreprise.html.erb (Duration: 0.0ms | GC: 0.0ms)
  Rendered pages/partials_bruxelles/_questionnaire_eligibilite.html.erb (Duration: 0.3ms | GC: 0.0ms)
Completed 200 OK in 1ms (Views: 0.1ms | ActiveRecord: 0.0ms (0 queries, 0 cached) | GC: 0.0ms)


Started POST "/test_eligibility_bruxelles" for 127.0.0.1 at 2025-07-28 14:06:46 +0200
  
ActionController::RoutingError (No route matches [POST] "/test_eligibility_bruxelles"):
  
Started GET "/bruxelles" for ::1 at 2025-07-28 14:07:47 +0200
Processing by PagesController#bruxelles as HTML
  Rendering layout layouts/application.html.erb
  Rendering pages/bruxelles.html.erb within layouts/application
  [1m[36mPrime Load (1.4ms)[0m  [1m[34mSELECT "primes".* FROM "primes" WHERE "primes"."region" = 'bruxelles' ORDER BY "primes"."ordre_affichage" ASC /*action='bruxelles',application='Ren0vate',controller='pages'*/[0m
  ↳ app/views/pages/bruxelles.html.erb:9
  Rendered pages/partials_bruxelles/_selection_profil.erb (Duration: 0.8ms | GC: 0.0ms)
  Rendered pages/partials_bruxelles/_cartes_primes.html.erb (Duration: 0.0ms | GC: 0.0ms)
  Rendered pages/partials_bruxelles/_petit_patrimoine.html.erb (Duration: 0.0ms | GC: 0.0ms)
  Rendered pages/partials_bruxelles/_primes_communales_card.html.erb (Duration: 0.0ms | GC: 0.0ms)
  Rendered pages/partials_bruxelles/_monuments_et_sites_card.html.erb (Duration: 0.0ms | GC: 0.0ms)
  Rendered pages/bruxelles.html.erb within layouts/application (Duration: 8.0ms | GC: 0.0ms)
  Rendered shared/_navbar.html.erb (Duration: 0.2ms | GC: 0.0ms)
  Rendered shared/_flashes.html.erb (Duration: 0.0ms | GC: 0.0ms)
  Rendered layout layouts/application.html.erb (Duration: 12.3ms | GC: 1.4ms)
Completed 200 OK in 13ms (Views: 11.3ms | ActiveRecord: 1.3ms (1 query, 0 cached) | GC: 1.4ms)


Started POST "/bruxelles/select-profile" for ::1 at 2025-07-28 14:07:50 +0200
Processing by PagesController#select_profile_bruxelles as TURBO_STREAM
  Parameters: {"authenticity_token"=>"[FILTERED]", "profile_type"=>"asbl"}
  Rendered pages/partials_bruxelles/eligibilite/_asbl.html.erb (Duration: 0.5ms | GC: 0.0ms)
  Rendered pages/partials_bruxelles/_questionnaire_eligibilite.html.erb (Duration: 2.0ms | GC: 0.0ms)
Completed 200 OK in 3ms (Views: 0.1ms | ActiveRecord: 0.0ms (0 queries, 0 cached) | GC: 0.0ms)


Started POST "/bruxelles/select-profile" for ::1 at 2025-07-28 14:07:53 +0200
Processing by PagesController#select_profile_bruxelles as TURBO_STREAM
  Parameters: {"authenticity_token"=>"[FILTERED]", "profile_type"=>"prive"}
  Rendered pages/partials_bruxelles/eligibilite/_particulier.html.erb (Duration: 0.8ms | GC: 0.0ms)
  Rendered pages/partials_bruxelles/_questionnaire_eligibilite.html.erb (Duration: 1.9ms | GC: 0.0ms)
Completed 200 OK in 3ms (Views: 0.1ms | ActiveRecord: 0.0ms (0 queries, 0 cached) | GC: 0.0ms)


Started GET "/bruxelles" for ::1 at 2025-07-28 14:07:55 +0200
Processing by PagesController#bruxelles as HTML
  Rendering layout layouts/application.html.erb
  Rendering pages/bruxelles.html.erb within layouts/application
  [1m[36mPrime Load (0.9ms)[0m  [1m[34mSELECT "primes".* FROM "primes" WHERE "primes"."region" = 'bruxelles' ORDER BY "primes"."ordre_affichage" ASC /*action='bruxelles',application='Ren0vate',controller='pages'*/[0m
  ↳ app/views/pages/bruxelles.html.erb:9
  Rendered pages/partials_bruxelles/_selection_profil.erb (Duration: 0.7ms | GC: 0.0ms)
  Rendered pages/partials_bruxelles/_cartes_primes.html.erb (Duration: 0.0ms | GC: 0.0ms)
  Rendered pages/partials_bruxelles/_petit_patrimoine.html.erb (Duration: 0.0ms | GC: 0.0ms)
  Rendered pages/partials_bruxelles/_primes_communales_card.html.erb (Duration: 0.0ms | GC: 0.0ms)
  Rendered pages/partials_bruxelles/_monuments_et_sites_card.html.erb (Duration: 0.0ms | GC: 0.0ms)
  Rendered pages/bruxelles.html.erb within layouts/application (Duration: 6.5ms | GC: 0.7ms)
  Rendered shared/_navbar.html.erb (Duration: 0.2ms | GC: 0.0ms)
  Rendered shared/_flashes.html.erb (Duration: 0.0ms | GC: 0.0ms)
  Rendered layout layouts/application.html.erb (Duration: 7.3ms | GC: 0.7ms)
Completed 200 OK in 8ms (Views: 6.6ms | ActiveRecord: 0.9ms (1 query, 0 cached) | GC: 0.7ms)


Started POST "/bruxelles/select-profile" for ::1 at 2025-07-28 14:07:57 +0200
Processing by PagesController#select_profile_bruxelles as TURBO_STREAM
  Parameters: {"authenticity_token"=>"[FILTERED]", "profile_type"=>"entreprise"}
  Rendered pages/partials_bruxelles/eligibilite/_entreprise.html.erb (Duration: 0.0ms | GC: 0.0ms)
  Rendered pages/partials_bruxelles/_questionnaire_eligibilite.html.erb (Duration: 0.1ms | GC: 0.0ms)
Completed 200 OK in 1ms (Views: 0.0ms | ActiveRecord: 0.0ms (0 queries, 0 cached) | GC: 0.0ms)


Started POST "/test_eligibility_bruxelles" for ::1 at 2025-07-28 14:08:18 +0200
  
ActionController::RoutingError (No route matches [POST] "/test_eligibility_bruxelles"):
  
Started GET "/.well-known/appspecific/com.chrome.devtools.json" for ::1 at 2025-07-28 14:08:22 +0200
  
ActionController::RoutingError (No route matches [GET] "/.well-known/appspecific/com.chrome.devtools.json"):
  
- Gracefully stopping, waiting for requests to finish
Exiting
